// Jest Snapshot v1, https://goo.gl/fbAQLP

exports[`Crypto List Component Should match snapshot 1`] = `
<div
  className="container"
>
  <table
    className="wrapper"
  >
    <thead>
      <tr>
        <th>
          Icon
        </th>
        <th>
          Crypto
        </th>
        <th>
          Symbol
        </th>
        <th>
          Price
        </th>
        <th>
          High/ Low 24h
        </th>
        <th>
          Change
        </th>
        <th>
          Volume
        </th>
        <th>
          More
        </th>
      </tr>
    </thead>
    <tbody>
      <tr>
        <td
          className="coinImageWrapper"
        >
          <img
            alt="bitcoin"
            className="coinImage"
            src="http://www.test.com/some-image.jpg"
          />
        </td>
        <td>
          bitcoin
        </td>
        <td>
          BITCOIN
        </td>
        <td
          className="coinPrice"
        >
          123
        </td>
        <td>
          125
           / 
          121
        </td>
        <td
          className="priceUp"
        >
          5.25
           %
        </td>
        <td
          style={
            Object {
              "textAlign": "right",
            }
          }
        >
          123123
        </td>
        <td>
          <a
            href="/coins/1"
            onClick={[Function]}
          >
            <img
              alt="bitcoin"
              src="more.svg"
            />
          </a>
        </td>
      </tr>
    </tbody>
  </table>
</div>
`;
